// Vitest Snapshot v1, https://vitest.dev/guide/snapshot.html

exports[`BMV 5745 (2-page, mixed stroke checkboxes + filled text fields) > detects the expected set of named text fields on both pages (snapshot) 1`] = `
[
  [
    {
      "label": "AGENCY NUMBER",
      "page": 1,
      "w": 109.3,
      "x": 478.3,
      "y": 750.6,
    },
    {
      "label": "APPLICATION NUMBER",
      "page": 1,
      "w": 109.3,
      "x": 478.3,
      "y": 721,
    },
    {
      "label": "FIRST NAME",
      "page": 1,
      "w": 262.9,
      "x": 25.1,
      "y": 555.4,
    },
    {
      "label": "FULL MIDDLE NAME",
      "page": 1,
      "w": 195.8,
      "x": 25.1,
      "y": 531.2,
    },
    {
      "label": "CURRENT LAST NAME",
      "page": 1,
      "w": 60.7,
      "x": 227.3,
      "y": 531.2,
    },
    {
      "label": "CURRENT LAST NAME",
      "page": 1,
      "w": 195.8,
      "x": 25.1,
      "y": 507.1,
    },
    {
      "label": "SUFFIX",
      "page": 1,
      "w": 60.7,
      "x": 227.3,
      "y": 507.1,
    },
    {
      "label": "RESIDENCE ADDRESS",
      "page": 1,
      "w": 195.8,
      "x": 25.1,
      "y": 482.9,
    },
    {
      "label": "CITY",
      "page": 1,
      "w": 60.7,
      "x": 227.3,
      "y": 482.9,
    },
    {
      "label": "",
      "page": 1,
      "w": 24.7,
      "x": 555.9,
      "y": 475.3,
    },
    {
      "label": "CITY",
      "page": 1,
      "w": 128.2,
      "x": 25.1,
      "y": 458.8,
    },
    {
      "label": "APT/UNIT#",
      "page": 1,
      "w": 60.7,
      "x": 227.3,
      "y": 456.6,
    },
    {
      "label": "STATE",
      "page": 1,
      "w": 128.2,
      "x": 25.1,
      "y": 434.6,
    },
    {
      "label": "ZIP",
      "page": 1,
      "w": 61.1,
      "x": 159.7,
      "y": 434.6,
    },
    {
      "label": "ONE DOCUMENT TRANSACTION",
      "page": 1,
      "w": 202.2,
      "x": 378.8,
      "y": 412.7,
    },
    {
      "label": "if different than listed above)",
      "page": 1,
      "w": 61.1,
      "x": 159.7,
      "y": 410.5,
    },
    {
      "label": "APT/UNIT#",
      "page": 1,
      "w": 60.7,
      "x": 227.3,
      "y": 410.5,
    },
    {
      "label": "CITY",
      "page": 1,
      "w": 128.2,
      "x": 25.1,
      "y": 388,
    },
    {
      "label": "STATE",
      "page": 1,
      "w": 61.1,
      "x": 159.7,
      "y": 388,
    },
    {
      "label": "ZIP",
      "page": 1,
      "w": 60.7,
      "x": 227.3,
      "y": 388,
    },
    {
      "label": "DATE OF BIRTH",
      "page": 1,
      "w": 128.2,
      "x": 25.1,
      "y": 363.8,
    },
    {
      "label": "SOCIAL SECURITY NUMBER",
      "page": 1,
      "w": 128.2,
      "x": 25.1,
      "y": 339.7,
    },
    {
      "label": "Male Female",
      "page": 1,
      "w": 128.3,
      "x": 159.7,
      "y": 339.7,
    },
    {
      "label": "",
      "page": 1,
      "w": 42.7,
      "x": 385.4,
      "y": 326.5,
    },
    {
      "label": "HEIGHT",
      "page": 1,
      "w": 128.2,
      "x": 25.1,
      "y": 315.5,
    },
    {
      "label": "WEIGHT",
      "page": 1,
      "w": 128.3,
      "x": 159.7,
      "y": 315.5,
    },
    {
      "label": "(case type)",
      "page": 1,
      "w": 51.5,
      "x": 479.9,
      "y": 313.9,
    },
    {
      "label": "HAIR COLOR",
      "page": 1,
      "w": 128.2,
      "x": 25.1,
      "y": 291.4,
    },
    {
      "label": "EYE COLOR",
      "page": 1,
      "w": 128.3,
      "x": 159.7,
      "y": 291.4,
    },
    {
      "label": "(No P.O. Box)",
      "page": 1,
      "w": 115.6,
      "x": 465.5,
      "y": 280.1,
    },
    {
      "label": "E-MAIL ADDRESS",
      "page": 1,
      "w": 128.3,
      "x": 159.7,
      "y": 267.2,
    },
    {
      "label": "",
      "page": 1,
      "w": 109.1,
      "x": 472,
      "y": 252.2,
    },
    {
      "label": "E-MAIL ADDRESS",
      "page": 1,
      "w": 262.9,
      "x": 25.1,
      "y": 243.1,
    },
    {
      "label": "",
      "page": 1,
      "w": 128.3,
      "x": 159.7,
      "y": 243.1,
    },
    {
      "label": "DATE",
      "page": 1,
      "w": 120.5,
      "x": 469.2,
      "y": 108.6,
    },
    {
      "label": "SIGNATURE OF PROCESSING EMPLOYEE",
      "page": 1,
      "w": 152.1,
      "x": 310.6,
      "y": 83.4,
    },
    {
      "label": "DATE",
      "page": 1,
      "w": 120.5,
      "x": 469.2,
      "y": 83.4,
    },
    {
      "label": "X",
      "page": 1,
      "w": 120.5,
      "x": 469.2,
      "y": 58.2,
    },
  ],
  [
    {
      "label": "AGENCY NUMBER",
      "page": 2,
      "w": 110.2,
      "x": 478.7,
      "y": 750.6,
    },
    {
      "label": "APPLICATION NUMBER",
      "page": 2,
      "w": 110.2,
      "x": 478.7,
      "y": 721,
    },
    {
      "label": "FIRST NAME",
      "page": 2,
      "w": 263.3,
      "x": 25.1,
      "y": 557.8,
    },
    {
      "label": "FULL MIDDLE NAME",
      "page": 2,
      "w": 195.8,
      "x": 25.1,
      "y": 533.6,
    },
    {
      "label": "CURRENT LAST NAME",
      "page": 2,
      "w": 61,
      "x": 227.3,
      "y": 533.6,
    },
    {
      "label": "CURRENT LAST NAME",
      "page": 2,
      "w": 195.8,
      "x": 25.1,
      "y": 509.5,
    },
    {
      "label": "SUFFIX",
      "page": 2,
      "w": 61,
      "x": 227.3,
      "y": 509.5,
    },
    {
      "label": "Consular Report of Birth Abroad",
      "page": 2,
      "w": 60.2,
      "x": 357.8,
      "y": 496.7,
    },
    {
      "label": "",
      "page": 2,
      "w": 28.8,
      "x": 553.6,
      "y": 485.5,
    },
    {
      "label": "RESIDENCE ADDRESS",
      "page": 2,
      "w": 195.8,
      "x": 25.1,
      "y": 485.3,
    },
    {
      "label": "CITY",
      "page": 2,
      "w": 61,
      "x": 227.3,
      "y": 485.3,
    },
    {
      "label": "CITY",
      "page": 2,
      "w": 128.3,
      "x": 25.1,
      "y": 461.2,
    },
    {
      "label": "APT/UNIT#",
      "page": 2,
      "w": 61,
      "x": 227.3,
      "y": 459,
    },
    {
      "label": "STATE",
      "page": 2,
      "w": 128.3,
      "x": 25.1,
      "y": 437,
    },
    {
      "label": "ZIP",
      "page": 2,
      "w": 61,
      "x": 159.8,
      "y": 437,
    },
    {
      "label": "if different than listed above)",
      "page": 2,
      "w": 61,
      "x": 159.8,
      "y": 412.9,
    },
    {
      "label": "APT/UNIT#",
      "page": 2,
      "w": 61,
      "x": 227.3,
      "y": 412.9,
    },
    {
      "label": "CITY",
      "page": 2,
      "w": 128.3,
      "x": 25.1,
      "y": 388.7,
    },
    {
      "label": "STATE",
      "page": 2,
      "w": 61,
      "x": 159.8,
      "y": 388.7,
    },
    {
      "label": "ZIP",
      "page": 2,
      "w": 61,
      "x": 227.3,
      "y": 388.7,
    },
    {
      "label": "Case type",
      "page": 2,
      "w": 47.6,
      "x": 487.4,
      "y": 377.6,
    },
    {
      "label": "DATE OF BIRTH",
      "page": 2,
      "w": 128.3,
      "x": 25.1,
      "y": 364.6,
    },
    {
      "label": "",
      "page": 2,
      "w": 63.6,
      "x": 515.5,
      "y": 360.4,
    },
    {
      "label": "Compliant Ohio DL/ID/TIPIC",
      "page": 2,
      "w": 82.6,
      "x": 349,
      "y": 349.8,
    },
    {
      "label": "Other",
      "page": 2,
      "w": 89.7,
      "x": 490.3,
      "y": 348.2,
    },
    {
      "label": "SOCIAL SECURITY NUMBER",
      "page": 2,
      "w": 128.3,
      "x": 25.1,
      "y": 340.4,
    },
    {
      "label": "Male Female",
      "page": 2,
      "w": 128.5,
      "x": 159.8,
      "y": 340.4,
    },
    {
      "label": "HEIGHT",
      "page": 2,
      "w": 128.3,
      "x": 25.1,
      "y": 316.3,
    },
    {
      "label": "WEIGHT",
      "page": 2,
      "w": 128.5,
      "x": 159.8,
      "y": 316.3,
    },
    {
      "label": "HAIR COLOR",
      "page": 2,
      "w": 128.3,
      "x": 25.1,
      "y": 292.1,
    },
    {
      "label": "EYE COLOR",
      "page": 2,
      "w": 128.5,
      "x": 159.8,
      "y": 292.1,
    },
    {
      "label": "E-MAIL ADDRESS",
      "page": 2,
      "w": 128.5,
      "x": 159.8,
      "y": 268,
    },
    {
      "label": "E-MAIL ADDRESS",
      "page": 2,
      "w": 263.3,
      "x": 25.1,
      "y": 243.8,
    },
    {
      "label": "",
      "page": 2,
      "w": 128.5,
      "x": 159.8,
      "y": 243.8,
    },
    {
      "label": "ONE DOCUMENT TRANSACTION",
      "page": 2,
      "w": 202.7,
      "x": 377.8,
      "y": 238,
    },
    {
      "label": "SS Number Name DOB",
      "page": 2,
      "w": 134.2,
      "x": 312.8,
      "y": 167.9,
    },
    {
      "label": "Under penalty of law, I affirm that",
      "page": 2,
      "w": 129.5,
      "x": 459.5,
      "y": 109,
    },
    {
      "label": "SIGNATURE OF PROCESSING EMPLOYEE",
      "page": 2,
      "w": 142.9,
      "x": 310.1,
      "y": 83.8,
    },
    {
      "label": "DATE",
      "page": 2,
      "w": 129.5,
      "x": 459.5,
      "y": 83.8,
    },
    {
      "label": "X",
      "page": 2,
      "w": 129.5,
      "x": 459.5,
      "y": 58.6,
    },
  ],
]
`;
